{"version":[2,3,2],"simpleTypes":[{"variety":"builtin","localName":"duration"},{"variety":"builtin","localName":"short"},{"variety":"builtin","localName":"integer"},{"variety":"builtin","localName":"string"},{"variety":"builtin","localName":"boolean"},{"variety":"union","memberTypes":[2,3,4]},{"variety":"builtin","localName":"anySimpleType"},{"variety":"builtin","localName":"NMTOKENS"},{"variety":"builtin","localName":"time"},{"variety":"builtin","localName":"date"},{"variety":"builtin","localName":"base64Binary"},{"variety":"builtin","localName":"double"},{"variety":"builtin","localName":"language"},{"variety":"builtin","localName":"dateTimeStamp"},{"variety":"builtin","localName":"token"},{"variety":"builtin","localName":"IDREF"},{"variety":"builtin","localName":"decimal"},{"variety":"builtin","localName":"Name"},{"variety":"builtin","localName":"nonNegativeInteger"},{"variety":"builtin","localName":"anyURI"},{"variety":"builtin","localName":"negativeInteger"},{"variety":"builtin","localName":"NMTOKEN"},{"variety":"builtin","localName":"ID"},{"variety":"builtin","localName":"dateTime"},{"variety":"builtin","localName":"NCName"},{"variety":"builtin","localName":"float"},{"variety":"builtin","localName":"unsignedLong"},{"variety":"builtin","localName":"positiveInteger"},{"variety":"builtin","localName":"IDREFS"},{"variety":"union","memberTypes":[2,25]}],"attributes":[],"contentModels":[{"type":"empty","maxOccurs":1,"minOccurs":1}],"elements":[{"contentModelRef":0,"simpleTypeRef":29,"attributeRefs":[],"localName":"id","namespaceURI":null,"isMixed":true,"isAbstract":false,"anyAttribute":null,"minOccurs":1,"maxOccurs":1},{"contentModelRef":0,"simpleTypeRef":5,"attributeRefs":[],"localName":"value","namespaceURI":null,"isMixed":true,"isAbstract":false,"anyAttribute":null,"minOccurs":1,"maxOccurs":1}],"localElements":[]}